// Jest Snapshot v1, https://goo.gl/fbAQLP

exports[`Search component snapshot 1`] = `
<div
  className="MuiInput-root MuiInput-variantOutlined MuiInput-colorNeutral MuiInput-sizeMd css-1ytylkz-JoyInput-root"
  onClick={[Function]}
>
  <input
    className="MuiInput-input css-1moyr10-JoyInput-input"
    disabled={false}
    id="searchField"
    onBlur={[Function]}
    onChange={[Function]}
    onFocus={[Function]}
    placeholder="Search..."
    required={false}
    value=""
  />
  <div
    className="MuiInput-endDecorator css-ki6l96-JoyInput-endDecorator"
  >
    <button
      className="MuiButton-root Mui-disabled MuiButton-variantSolid MuiButton-colorPrimary MuiButton-sizeMd css-cua13l-JoyButton-root"
      onBlur={[Function]}
      onClick={[Function]}
      onFocus={[Function]}
      onKeyDown={[Function]}
      onKeyUp={[Function]}
      onMouseDown={[Function]}
      onMouseLeave={[Function]}
      type="submit"
    >
      Find
    </button>
  </div>
</div>
`;
